  lightning.cpp
D:\code\OpenGL\Project\Homework1\SimpleScene\lightning.cpp(1,1): warning C4819: 该文件包含不能在当前代码页(936)中表示的字符。请将该文件保存为 Unicode 格式以防止数据丢失
D:\code\OpenGL\Project\Homework1\SimpleScene\lightning.h(1,1): warning C4819: 该文件包含不能在当前代码页(936)中表示的字符。请将该文件保存为 Unicode 格式以防止数据丢失
  (编译源文件“lightning.cpp”)
  
D:\code\OpenGL\Project\Homework1\SimpleScene\sandbox_mesh.h(1,1): warning C4819: 该文件包含不能在当前代码页(936)中表示的字符。请将该文件保存为 Unicode 格式以防止数据丢失
  (编译源文件“lightning.cpp”)
  
  main.cpp
D:\code\OpenGL\Project\Homework1\SimpleScene\model.h(1,1): warning C4819: 该文件包含不能在当前代码页(936)中表示的字符。请将该文件保存为 Unicode 格式以防止数据丢失
  (编译源文件“main.cpp”)
  
D:\code\OpenGL\Project\Homework1\SimpleScene\mesh.h(1,1): warning C4819: 该文件包含不能在当前代码页(936)中表示的字符。请将该文件保存为 Unicode 格式以防止数据丢失
  (编译源文件“main.cpp”)
  
D:\code\OpenGL\Project\Homework1\SimpleScene\sandbox_mesh.h(1,1): warning C4819: 该文件包含不能在当前代码页(936)中表示的字符。请将该文件保存为 Unicode 格式以防止数据丢失
  (编译源文件“main.cpp”)
  
D:\code\OpenGL\Project\Homework1\SimpleScene\particle_system.h(1,1): warning C4819: 该文件包含不能在当前代码页(936)中表示的字符。请将该文件保存为 Unicode 格式以防止数据丢失
  (编译源文件“main.cpp”)
  
D:\code\OpenGL\Project\Homework1\SimpleScene\lightning.h(1,1): warning C4819: 该文件包含不能在当前代码页(936)中表示的字符。请将该文件保存为 Unicode 格式以防止数据丢失
  (编译源文件“main.cpp”)
  
D:\code\OpenGL\Project\Homework1\SimpleScene\main.cpp(277,27): warning C4267: “初始化”: 从“size_t”转换到“int”，可能丢失数据
D:\code\OpenGL\Project\Homework1\SimpleScene\main.cpp(281,33): warning C4267: “初始化”: 从“size_t”转换到“int”，可能丢失数据
D:\code\OpenGL\Project\Homework1\SimpleScene\main.cpp(492,51): warning C4305: “参数”: 从“double”到“float”截断
  model.cpp
D:\code\OpenGL\Project\Homework1\SimpleScene\model.cpp(1,1): warning C4819: 该文件包含不能在当前代码页(936)中表示的字符。请将该文件保存为 Unicode 格式以防止数据丢失
D:\code\OpenGL\Project\Homework1\SimpleScene\model.h(1,1): warning C4819: 该文件包含不能在当前代码页(936)中表示的字符。请将该文件保存为 Unicode 格式以防止数据丢失
  (编译源文件“model.cpp”)
  
D:\code\OpenGL\Project\Homework1\SimpleScene\mesh.h(1,1): warning C4819: 该文件包含不能在当前代码页(936)中表示的字符。请将该文件保存为 Unicode 格式以防止数据丢失
  (编译源文件“model.cpp”)
  
  particle_system.cpp
D:\code\OpenGL\Project\Homework1\SimpleScene\particle_system.cpp(1,1): warning C4819: 该文件包含不能在当前代码页(936)中表示的字符。请将该文件保存为 Unicode 格式以防止数据丢失
D:\code\OpenGL\Project\Homework1\SimpleScene\particle_system.h(1,1): warning C4819: 该文件包含不能在当前代码页(936)中表示的字符。请将该文件保存为 Unicode 格式以防止数据丢失
  (编译源文件“particle_system.cpp”)
  
D:\code\OpenGL\Project\Homework1\SimpleScene\sandbox_mesh.h(1,1): warning C4819: 该文件包含不能在当前代码页(936)中表示的字符。请将该文件保存为 Unicode 格式以防止数据丢失
  (编译源文件“particle_system.cpp”)
  
D:\code\OpenGL\Project\Homework1\SimpleScene\particle_system.cpp(148,63): warning C4267: “参数”: 从“size_t”转换到“GLsizei”，可能丢失数据
D:\code\OpenGL\Project\Homework1\SimpleScene\particle_system.cpp(152,63): warning C4267: “参数”: 从“size_t”转换到“GLsizei”，可能丢失数据
  sandbox_mesh.cpp
D:\code\OpenGL\Project\Homework1\SimpleScene\sandbox_mesh.cpp(1,1): warning C4819: 该文件包含不能在当前代码页(936)中表示的字符。请将该文件保存为 Unicode 格式以防止数据丢失
D:\code\OpenGL\Project\Homework1\SimpleScene\sandbox_mesh.h(1,1): warning C4819: 该文件包含不能在当前代码页(936)中表示的字符。请将该文件保存为 Unicode 格式以防止数据丢失
  (编译源文件“sandbox_mesh.cpp”)
  
D:\code\OpenGL\Project\Homework1\SimpleScene\sandbox_mesh.cpp(160,35): warning C4267: “初始化”: 从“size_t”转换到“unsigned int”，可能丢失数据
D:\code\OpenGL\Project\Homework1\SimpleScene\sandbox_mesh.cpp(176,36): warning C4267: “初始化”: 从“size_t”转换到“unsigned int”，可能丢失数据
D:\code\OpenGL\Project\Homework1\SimpleScene\sandbox_mesh.cpp(213,30): warning C4267: “=”: 从“size_t”转换到“int”，可能丢失数据
  正在生成代码
  605 of 1199 functions (50.5%) were compiled, the rest were copied from previous compilation.
    311 functions were new in current compilation
    75 functions had inline decision re-evaluated but remain unchanged
  已完成代码的生成
  SimpleScene.vcxproj -> D:\code\OpenGL\Project\Homework1\SimpleScene\x64\Release\SimpleScene.exe
