d:\code\opengl\project\homework1\simplescene\simplescene\x64\release\vc143.pdb
d:\code\opengl\project\homework1\simplescene\simplescene\x64\release\glad.obj
d:\code\opengl\project\homework1\simplescene\simplescene\x64\release\sandbox_mesh.obj
d:\code\opengl\project\homework1\simplescene\simplescene\x64\release\particle_system.obj
d:\code\opengl\project\homework1\simplescene\simplescene\x64\release\model.obj
d:\code\opengl\project\homework1\simplescene\simplescene\x64\release\main.obj
d:\code\opengl\project\homework1\simplescene\simplescene\x64\release\lightning.obj
d:\code\opengl\project\homework1\simplescene\simplescene\x64\release\arrow_system.obj
d:\code\opengl\project\homework1\simplescene\x64\release\simplescene.exe
d:\code\opengl\project\homework1\simplescene\x64\release\simplescene.pdb
d:\code\opengl\project\homework1\simplescene\simplescene\x64\release\simplescene.ipdb
d:\code\opengl\project\homework1\simplescene\simplescene\x64\release\simplescene.iobj
d:\code\opengl\project\homework1\simplescene\simplescene\x64\release\simplescene.tlog\cl.command.1.tlog
d:\code\opengl\project\homework1\simplescene\simplescene\x64\release\simplescene.tlog\cl.items.tlog
d:\code\opengl\project\homework1\simplescene\simplescene\x64\release\simplescene.tlog\cl.read.1.tlog
d:\code\opengl\project\homework1\simplescene\simplescene\x64\release\simplescene.tlog\cl.write.1.tlog
d:\code\opengl\project\homework1\simplescene\simplescene\x64\release\simplescene.tlog\link.command.1.tlog
d:\code\opengl\project\homework1\simplescene\simplescene\x64\release\simplescene.tlog\link.read.1.tlog
d:\code\opengl\project\homework1\simplescene\simplescene\x64\release\simplescene.tlog\link.secondary.1.tlog
d:\code\opengl\project\homework1\simplescene\simplescene\x64\release\simplescene.tlog\link.write.1.tlog
